--progress is a global compose flag, better use `docker compose --progress xx build ...
time="2026-03-29T21:19:40+07:00" level=warning msg="/home/princevx/Documents/cbt-application/cbt-backend/docker-compose.yml: the attribute `version` is obsolete, it will be ignored, please remove it to avoid potential confusion"
 Image cbt-backend-app Building 
#1 [internal] load local bake definitions
#1 reading from stdin 576B done
#1 DONE 0.0s

#2 [internal] load build definition from Dockerfile
#2 transferring dockerfile: 274B done
#2 DONE 0.0s

#3 [internal] load metadata for docker.io/library/gradle:8.11-jdk17
#3 ...

#4 [internal] load metadata for docker.io/library/eclipse-temurin:17-jre-jammy
#4 DONE 1.6s

#3 [internal] load metadata for docker.io/library/gradle:8.11-jdk17
#3 DONE 1.6s

#5 [internal] load .dockerignore
#5 transferring context: 84B done
#5 DONE 0.0s

#6 [build 1/4] FROM docker.io/library/gradle:8.11-jdk17@sha256:91d559b8d55f522de5bc6882f73bcedc4e2cc7b0a58e839a9fa0ed95811a988d
#6 DONE 0.0s

#7 [stage-1 1/3] FROM docker.io/library/eclipse-temurin:17-jre-jammy@sha256:59188078929e9b65a62fa325bbbbf76f5491d99d1500f1beebce86f1cec05a84
#7 DONE 0.0s

#8 [build 2/4] WORKDIR /app
#8 CACHED

#9 [stage-1 2/3] WORKDIR /app
#9 CACHED

#10 [internal] load build context
#10 transferring context: 6.58kB 0.0s done
#10 DONE 0.0s

#11 [build 3/4] COPY . .
#11 DONE 0.2s

#12 [build 4/4] RUN gradle buildFatJar --no-daemon
#12 5.411 To honour the JVM settings for this build a single-use Daemon process will be forked. For more on this, please refer to https://docs.gradle.org/8.11.1/userguide/gradle_daemon.html#sec:disabling_the_daemon in the Gradle documentation.
#12 14.00 Daemon will be stopped at the end of the build 
#12 274.1 > Task :checkKotlinGradlePluginConfigurationErrors SKIPPED
#12 304.3 > Task :compileKotlin
#12 324.2 > Task :processResources
#12 369.0 
#12 369.0 > Task :compileKotlin
#12 369.0 e: file:///app/src/main/kotlin/Application.kt:47:47 'val environment: ApplicationEnvironment' cannot be called in this context with an implicit receiver. Use an explicit receiver if necessary.
#12 369.1 
#12 369.1 > Task :compileKotlin FAILED
#12 369.4 
#12 369.4 FAILURE: Build failed with an exception.
#12 369.4 
#12 369.4 * What went wrong:
#12 369.4 Execution failed for task ':compileKotlin'.
#12 369.4 > A failure occurred while executing org.jetbrains.kotlin.compilerRunner.GradleCompilerRunnerWithWorkers$GradleKotlinCompilerWorkAction
#12 369.4    > Compilation error. See log for more details
#12 369.4 
#12 369.4 * Try:
#12 369.4 > Run with --stacktrace option to get the stack trace.
#12 369.4 > Run with --info or --debug option to get more log output.
#12 369.4 > Run with --scan2 actionable tasks: 2 executed
#12 369.4  to get full insights.
#12 369.4 > Get more help at https://help.gradle.org.
#12 369.4 
#12 369.4 BUILD FAILED in 6m 8s
#12 ERROR: process "/bin/sh -c gradle buildFatJar --no-daemon" did not complete successfully: exit code: 1
------
 > [build 4/4] RUN gradle buildFatJar --no-daemon:
369.4    > Compilation error. See log for more details
369.4 
369.4 * Try:
369.4 > Run with --stacktrace option to get the stack trace.
369.4 > Run with --info or --debug option to get more log output.
369.4 > Run with --scan2 actionable tasks: 2 executed
369.4  to get full insights.
369.4 > Get more help at https://help.gradle.org.
369.4 
369.4 BUILD FAILED in 6m 8s
------
Dockerfile:4

--------------------

   2 |     WORKDIR /app

   3 |     COPY . .

   4 | >>> RUN gradle buildFatJar --no-daemon

   5 |     

   6 |     FROM eclipse-temurin:17-jre-jammy

--------------------

failed to solve: process "/bin/sh -c gradle buildFatJar --no-daemon" did not complete successfully: exit code: 1

